{
    "success": false,
    "count": 0,
    "message": "0 record(s) found",
    "sql": " | ",
    "source": "zutrittsberechtigung",
    "data": null
}